0-add_integer.py Doctest:

>>> add_integer = __import__('0-add_integer').add_integer

>>> add_integer(1, 1)
2

>>> add_integer(1.1, 1)
2

>>> add_integer(1, 1.1)
2

>>> add_integer(1.1, 1.1)
2

>>> add_integer("1", 1)
Traceback (most recent call last):
...
TypeError: a must be an integer

>>> add_integer(1, "1")
Traceback (most recent call last):
...
TypeError: b must be an integer

>>> add_integer("1", "1")
Traceback (most recent call last):
...
TypeError: a must be an integer

>>> add_integer(float('inf'), 0)
Traceback (most recent call last):
...
OverflowError: cannot convert float infinity to integer

>>> add_integer(float('nan'), 0)
Traceback (most recent call last):
...
ValueError: cannot convert float NaN to integer
