0-add_integer.py Doctest:

>>> add_integer = __import__('0-add_integer').add_integer

>>> add_integer(1, 1)
2
>>> add_integer(1.1, 1)
2
>>> add_integer(1, 1.1)
2
>>> add_integer(1.1, 1.1)
2
>>> add_integer("1", 1)
Traceback (most recent last call):
TypeError: a must be an integer
>>> add_integer(1, "1")
Traceback (most recent last call):
TypeError: b must be an integer
>>> add_integer("1", "1")
Traceback (most recent last call):
TypeError: a must be an integer